[    0.000000] Linux version 4.15.0-109-generic (buildd@lgw01-amd64-010) (gcc version 7.5.0 (Ubuntu 7.5.0-3ubuntu1~18.04)) #110-Ubuntu SMP Tue Jun 23 02:39:32 UTC 2020 (Ubuntu 4.15.0-109.110-generic 4.15.18)
[    0.000000] Command line: BOOT_IMAGE=/boot/vmlinuz-4.15.0-109-generic root=UUID=90193a21-ad75-4d43-940a-5b85d91242ba ro console=tty1 console=ttyS0
[    0.000000] KERNEL supported cpus:
[    0.000000]   Intel GenuineIntel
[    0.000000]   AMD AuthenticAMD
[    0.000000]   Centaur CentaurHauls
[    0.000000] x86/fpu: Supporting XSAVE feature 0x001: 'x87 floating point registers'
[    0.000000] x86/fpu: Supporting XSAVE feature 0x002: 'SSE registers'
[    0.000000] x86/fpu: Supporting XSAVE feature 0x004: 'AVX registers'
[    0.000000] x86/fpu: xstate_offset[2]:  576, xstate_sizes[2]:  256
[    0.000000] x86/fpu: Enabled xstate features 0x7, context size is 832 bytes, using 'standard' format.
[    0.000000] e820: BIOS-provided physical RAM map:
[    0.000000] BIOS-e820: [mem 0x0000000000000000-0x000000000009fbff] usable
[    0.000000] BIOS-e820: [mem 0x000000000009fc00-0x000000000009ffff] reserved
[    0.000000] BIOS-e820: [mem 0x00000000000f0000-0x00000000000fffff] reserved
[    0.000000] BIOS-e820: [mem 0x0000000000100000-0x000000003ffeffff] usable
[    0.000000] BIOS-e820: [mem 0x000000003fff0000-0x000000003fffffff] ACPI data
[    0.000000] BIOS-e820: [mem 0x00000000fec00000-0x00000000fec00fff] reserved
[    0.000000] BIOS-e820: [mem 0x00000000fee00000-0x00000000fee00fff] reserved
[    0.000000] BIOS-e820: [mem 0x00000000fffc0000-0x00000000ffffffff] reserved
[    0.000000] NX (Execute Disable) protection: active
[    0.000000] SMBIOS 2.5 present.
[    0.000000] DMI: innotek GmbH VirtualBox/VirtualBox, BIOS VirtualBox 12/01/2006
[    0.000000] Hypervisor detected: KVM
[    0.000000] e820: last_pfn = 0x3fff0 max_arch_pfn = 0x400000000
[    0.000000] MTRR: Disabled
[    0.000000] x86/PAT: MTRRs disabled, skipping PAT initialization too.
[    0.000000] CPU MTRRs all blank - virtualized system.
[    0.000000] x86/PAT: Configuration [0-7]: WB  WT  UC- UC  WB  WT  UC- UC  
[    0.000000] found SMP MP-table at [mem 0x0009fff0-0x0009ffff]
[    0.000000] Scanning 1 areas for low memory corruption
[    0.000000] RAMDISK: [mem 0x35961000-0x36ca7fff]
[    0.000000] ACPI: Early table checksum verification disabled
[    0.000000] ACPI: RSDP 0x00000000000E0000 000024 (v02 VBOX  )
[    0.000000] ACPI: XSDT 0x000000003FFF0030 00003C (v01 VBOX   VBOXXSDT 00000001 ASL  00000061)
[    0.000000] ACPI: FACP 0x000000003FFF00F0 0000F4 (v04 VBOX   VBOXFACP 00000001 ASL  00000061)
[    0.000000] ACPI: DSDT 0x000000003FFF0470 0022EA (v02 VBOX   VBOXBIOS 00000002 INTL 20100528)
[    0.000000] ACPI: FACS 0x000000003FFF0200 000040
[    0.000000] ACPI: FACS 0x000000003FFF0200 000040
[    0.000000] ACPI: APIC 0x000000003FFF0240 00005C (v02 VBOX   VBOXAPIC 00000001 ASL  00000061)
[    0.000000] ACPI: SSDT 0x000000003FFF02A0 0001CC (v01 VBOX   VBOXCPUT 00000002 INTL 20100528)
[    0.000000] No NUMA configuration found
[    0.000000] Faking a node at [mem 0x0000000000000000-0x000000003ffeffff]
[    0.000000] NODE_DATA(0) allocated [mem 0x3ffc5000-0x3ffeffff]
[    0.000000] kvm-clock: cpu 0, msr 0:3ff44001, primary cpu clock
[    0.000000] kvm-clock: Using msrs 4b564d01 and 4b564d00
[    0.000000] kvm-clock: using sched offset of 4098811537 cycles
[    0.000000] clocksource: kvm-clock: mask: 0xffffffffffffffff max_cycles: 0x1cd42e4dffb, max_idle_ns: 881590591483 ns
[    0.000000] Zone ranges:
[    0.000000]   DMA      [mem 0x0000000000001000-0x0000000000ffffff]
[    0.000000]   DMA32    [mem 0x0000000001000000-0x000000003ffeffff]
[    0.000000]   Normal   empty
[    0.000000]   Device   empty
[    0.000000] Movable zone start for each node
[    0.000000] Early memory node ranges
[    0.000000]   node   0: [mem 0x0000000000001000-0x000000000009efff]
[    0.000000]   node   0: [mem 0x0000000000100000-0x000000003ffeffff]
[    0.000000] Reserved but unavailable: 98 pages
[    0.000000] Initmem setup node 0 [mem 0x0000000000001000-0x000000003ffeffff]
[    0.000000] ACPI: PM-Timer IO Port: 0x4008
[    0.000000] IOAPIC[0]: apic_id 2, version 32, address 0xfec00000, GSI 0-23
[    0.000000] ACPI: INT_SRC_OVR (bus 0 bus_irq 0 global_irq 2 dfl dfl)
[    0.000000] ACPI: INT_SRC_OVR (bus 0 bus_irq 9 global_irq 9 low level)
[    0.000000] Using ACPI (MADT) for SMP configuration information
[    0.000000] smpboot: Allowing 2 CPUs, 0 hotplug CPUs
[    0.000000] PM: Registered nosave memory: [mem 0x00000000-0x00000fff]
[    0.000000] PM: Registered nosave memory: [mem 0x0009f000-0x0009ffff]
[    0.000000] PM: Registered nosave memory: [mem 0x000a0000-0x000effff]
[    0.000000] PM: Registered nosave memory: [mem 0x000f0000-0x000fffff]
[    0.000000] e820: [mem 0x40000000-0xfebfffff] available for PCI devices
[    0.000000] Booting paravirtualized kernel on KVM
[    0.000000] clocksource: refined-jiffies: mask: 0xffffffff max_cycles: 0xffffffff, max_idle_ns: 7645519600211568 ns
[    0.000000] random: get_random_bytes called from start_kernel+0x99/0x500 with crng_init=0
[    0.000000] setup_percpu: NR_CPUS:8192 nr_cpumask_bits:2 nr_cpu_ids:2 nr_node_ids:1
[    0.000000] percpu: Embedded 45 pages/cpu s147456 r8192 d28672 u1048576
[    0.000000] PV qspinlock hash table entries: 256 (order: 0, 4096 bytes)
[    0.000000] Built 1 zonelists, mobility grouping on.  Total pages: 257913
[    0.000000] Policy zone: DMA32
[    0.000000] Kernel command line: BOOT_IMAGE=/boot/vmlinuz-4.15.0-109-generic root=UUID=90193a21-ad75-4d43-940a-5b85d91242ba ro console=tty1 console=ttyS0
[    0.000000] Memory: 982512K/1048120K available (12300K kernel code, 2481K rwdata, 4272K rodata, 2436K init, 2720K bss, 65608K reserved, 0K cma-reserved)
[    0.000000] SLUB: HWalign=64, Order=0-3, MinObjects=0, CPUs=2, Nodes=1
[    0.000000] Kernel/User page tables isolation: enabled
[    0.000000] ftrace: allocating 39378 entries in 154 pages
[    0.004000] Hierarchical RCU implementation.
[    0.004000] 	RCU restricting CPUs from NR_CPUS=8192 to nr_cpu_ids=2.
[    0.004000] 	Tasks RCU enabled.
[    0.004000] RCU: Adjusting geometry for rcu_fanout_leaf=16, nr_cpu_ids=2
[    0.004000] NR_IRQS: 524544, nr_irqs: 440, preallocated irqs: 16
[    0.004000] Console: colour VGA+ 80x25
[    0.004000] console [tty1] enabled
[    0.004000] console [ttyS0] enabled
[    0.004000] ACPI: Core revision 20170831
[    0.004000] ACPI: 2 ACPI AML tables successfully acquired and loaded
[    0.004000] APIC: Switch to symmetric I/O mode setup
[    0.004000] x2apic enabled
[    0.004000] Switched APIC routing to physical x2apic.
[    0.004000] ..TIMER: vector=0x30 apic1=0 pin1=2 apic2=-1 pin2=-1
[    0.004004] tsc: Detected 3095.998 MHz processor
[    0.005499] Calibrating delay loop (skipped) preset value.. 6191.99 BogoMIPS (lpj=12383992)
[    0.008003] pid_max: default: 32768 minimum: 301
[    0.009307] Security Framework initialized
[    0.010149] Yama: becoming mindful.
[    0.010851] AppArmor: AppArmor initialized
[    0.013833] Dentry cache hash table entries: 131072 (order: 8, 1048576 bytes)
[    0.016064] Inode-cache hash table entries: 65536 (order: 7, 524288 bytes)
[    0.017716] Mount-cache hash table entries: 2048 (order: 2, 16384 bytes)
[    0.019455] Mountpoint-cache hash table entries: 2048 (order: 2, 16384 bytes)
[    0.020243] Last level iTLB entries: 4KB 64, 2MB 8, 4MB 8
[    0.021255] Last level dTLB entries: 4KB 64, 2MB 0, 4MB 0, 1GB 4
[    0.024007] Spectre V1 : Mitigation: usercopy/swapgs barriers and __user pointer sanitization
[    0.025757] Spectre V2 : Mitigation: Full generic retpoline
[    0.028002] Spectre V2 : Spectre v2 / SpectreRSB mitigation: Filling RSB on context switch
[    0.029658] Speculative Store Bypass: Vulnerable
[    0.030564] SRBDS: Unknown: Dependent on hypervisor status
[    0.032003] MDS: Vulnerable: Clear CPU buffers attempted, no microcode
[    0.034252] Freeing SMP alternatives memory: 36K
[    0.144653] smpboot: CPU0: Intel(R) Core(TM) i5-7267U CPU @ 3.10GHz (family: 0x6, model: 0x8e, stepping: 0x9)
[    0.147812] Performance Events: unsupported p6 CPU model 142 no PMU driver, software events only.
[    0.148058] Hierarchical SRCU implementation.
[    0.152539] NMI watchdog: Perf event create on CPU 0 failed with -2
[    0.154241] NMI watchdog: Perf NMI watchdog permanently disabled
[    0.156045] smp: Bringing up secondary CPUs ...
[    0.156983] x86: Booting SMP configuration:
[    0.158266] .... node  #0, CPUs:      #1
[    0.004000] kvm-clock: cpu 1, msr 0:3ff44041, secondary cpu clock
[    0.164024] smp: Brought up 1 node, 2 CPUs
[    0.165580] smpboot: Max logical packages: 1
[    0.166670] smpboot: Total of 2 processors activated (12383.99 BogoMIPS)
[    0.168150] devtmpfs: initialized
[    0.168725] x86/mm: Memory block size: 128MB
[    0.172136] evm: security.selinux
[    0.172987] evm: security.SMACK64
[    0.173995] evm: security.SMACK64EXEC
[    0.174705] evm: security.SMACK64TRANSMUTE
[    0.176005] evm: security.SMACK64MMAP
[    0.176802] evm: security.apparmor
[    0.178237] evm: security.ima
[    0.178826] evm: security.capability
[    0.180089] clocksource: jiffies: mask: 0xffffffff max_cycles: 0xffffffff, max_idle_ns: 7645041785100000 ns
[    0.182100] futex hash table entries: 512 (order: 3, 32768 bytes)
[    0.184039] pinctrl core: initialized pinctrl subsystem
[    0.188100] RTC time:  5:39:38, date: 07/13/20
[    0.189428] NET: Registered protocol family 16
[    0.190627] audit: initializing netlink subsys (disabled)
[    0.192048] audit: type=2000 audit(1594618784.347:1): state=initialized audit_enabled=0 res=1
[    0.196018] cpuidle: using governor ladder
[    0.197272] cpuidle: using governor menu
[    0.199001] ACPI: bus type PCI registered
[    0.199888] acpiphp: ACPI Hot Plug PCI Controller Driver version: 0.5
[    0.200114] PCI: Using configuration type 1 for base access
[    0.204087] HugeTLB registered 2.00 MiB page size, pre-allocated 0 pages
[    0.205515] ACPI: Added _OSI(Module Device)
[    0.208011] ACPI: Added _OSI(Processor Device)
[    0.212007] ACPI: Added _OSI(3.0 _SCP Extensions)
[    0.213344] ACPI: Added _OSI(Processor Aggregator Device)
[    0.216008] ACPI: Added _OSI(Linux-Dell-Video)
[    0.220006] ACPI: Added _OSI(Linux-Lenovo-NV-HDMI-Audio)
[    0.222046] ACPI: Added _OSI(Linux-HPI-Hybrid-Graphics)
[    0.224291] ACPI: Executed 1 blocks of module-level executable AML code
[    0.228483] ACPI: Interpreter enabled
[    0.229870] ACPI: (supports S0 S5)
[    0.230725] ACPI: Using IOAPIC for interrupt routing
[    0.232236] PCI: Using host bridge windows from ACPI; if necessary, use "pci=nocrs" and report a bug
[    0.236221] ACPI: Enabled 2 GPEs in block 00 to 07
[    0.248504] ACPI: PCI Root Bridge [PCI0] (domain 0000 [bus 00-ff])
[    0.250555] acpi PNP0A03:00: _OSC: OS supports [ASPM ClockPM Segments MSI]
[    0.252412] acpi PNP0A03:00: _OSC: not requesting OS control; OS requires [ExtendedConfig ASPM ClockPM MSI]
[    0.254296] acpi PNP0A03:00: fail to add MMCONFIG information, can't access extended PCI configuration space under this bridge.
[    0.256536] PCI host bridge to bus 0000:00
[    0.257857] pci_bus 0000:00: root bus resource [io  0x0000-0x0cf7 window]
[    0.259129] pci_bus 0000:00: root bus resource [io  0x0d00-0xffff window]
[    0.260005] pci_bus 0000:00: root bus resource [mem 0x000a0000-0x000bffff window]
[    0.261801] pci_bus 0000:00: root bus resource [mem 0x40000000-0xfdffffff window]
[    0.264004] pci_bus 0000:00: root bus resource [bus 00-ff]
[    0.268974] pci 0000:00:01.1: legacy IDE quirk: reg 0x10: [io  0x01f0-0x01f7]
[    0.270920] pci 0000:00:01.1: legacy IDE quirk: reg 0x14: [io  0x03f6]
[    0.272009] pci 0000:00:01.1: legacy IDE quirk: reg 0x18: [io  0x0170-0x0177]
[    0.273973] pci 0000:00:01.1: legacy IDE quirk: reg 0x1c: [io  0x0376]
[    0.292585] pci 0000:00:07.0: quirk: [io  0x4000-0x403f] claimed by PIIX4 ACPI
[    0.294533] pci 0000:00:07.0: quirk: [io  0x4100-0x410f] claimed by PIIX4 SMB
[    0.305972] ACPI: PCI Interrupt Link [LNKA] (IRQs 5 9 10 *11)
[    0.308081] ACPI: PCI Interrupt Link [LNKB] (IRQs 5 9 *10 11)
[    0.309987] ACPI: PCI Interrupt Link [LNKC] (IRQs 5 *9 10 11)
[    0.311165] ACPI: PCI Interrupt Link [LNKD] (IRQs 5 9 10 *11)
[    0.312400] SCSI subsystem initialized
[    0.313270] pci 0000:00:02.0: vgaarb: setting as boot VGA device
[    0.313653] pci 0000:00:02.0: vgaarb: VGA device added: decodes=io+mem,owns=io+mem,locks=none
[    0.316011] pci 0000:00:02.0: vgaarb: bridge control possible
[    0.317576] vgaarb: loaded
[    0.318308] ACPI: bus type USB registered
[    0.320039] usbcore: registered new interface driver usbfs
[    0.321448] usbcore: registered new interface driver hub
[    0.324028] usbcore: registered new device driver usb
[    0.325452] EDAC MC: Ver: 3.0.0
[    0.325452] PCI: Using ACPI for IRQ routing
[    0.328342] NetLabel: Initializing
[    0.329009] NetLabel:  domain hash size = 128
[    0.329918] NetLabel:  protocols = UNLABELED CIPSOv4 CALIPSO
[    0.330989] NetLabel:  unlabeled traffic allowed by default
[    0.332227] clocksource: Switched to clocksource kvm-clock
[    0.349122] VFS: Disk quotas dquot_6.6.0
[    0.350576] VFS: Dquot-cache hash table entries: 512 (order 0, 4096 bytes)
[    0.353987] AppArmor: AppArmor Filesystem Enabled
[    0.355976] pnp: PnP ACPI init
[    0.358465] pnp: PnP ACPI: found 3 devices
[    0.370530] clocksource: acpi_pm: mask: 0xffffff max_cycles: 0xffffff, max_idle_ns: 2085701024 ns
[    0.374233] NET: Registered protocol family 2
[    0.375638] TCP established hash table entries: 8192 (order: 4, 65536 bytes)
[    0.378920] TCP bind hash table entries: 8192 (order: 5, 131072 bytes)
[    0.391550] TCP: Hash tables configured (established 8192 bind 8192)
[    0.396357] UDP hash table entries: 512 (order: 2, 16384 bytes)
[    0.403257] UDP-Lite hash table entries: 512 (order: 2, 16384 bytes)
[    0.410103] NET: Registered protocol family 1
[    0.414972] pci 0000:00:00.0: Limiting direct PCI/PCI transfers
[    0.421918] pci 0000:00:01.0: Activating ISA DMA hang workarounds
[    0.429736] pci 0000:00:02.0: Video device with shadowed ROM at [mem 0x000c0000-0x000dffff]
[    0.440439] Unpacking initramfs...
[    0.752441] Freeing initrd memory: 19740K
[    0.754006] clocksource: tsc: mask: 0xffffffffffffffff max_cycles: 0x2ca082f6619, max_idle_ns: 440795220240 ns
[    0.756126] platform rtc_cmos: registered platform RTC device (no PNP device found)
[    0.757648] Scanning for low memory corruption every 60 seconds
[    0.760027] Initialise system trusted keyrings
[    0.761181] Key type blacklist registered
[    0.762055] workingset: timestamp_bits=36 max_order=18 bucket_order=0
[    0.764154] zbud: loaded
[    0.765172] squashfs: version 4.0 (2009/01/31) Phillip Lougher
[    0.766483] fuse init (API version 7.26)
[    0.769091] Key type asymmetric registered
[    0.770117] Asymmetric key parser 'x509' registered
[    0.771527] Block layer SCSI generic (bsg) driver version 0.4 loaded (major 246)
[    0.773904] io scheduler noop registered
[    0.774665] io scheduler deadline registered
[    0.775507] io scheduler cfq registered (default)
[    0.777012] ACPI: AC Adapter [AC] (on-line)
[    0.778730] input: Power Button as /devices/LNXSYSTM:00/LNXPWRBN:00/input/input0
[    0.780844] ACPI: Power Button [PWRF]
[    0.782183] input: Sleep Button as /devices/LNXSYSTM:00/LNXSLPBN:00/input/input1
[    0.783991] ACPI: Sleep Button [SLPF]
[    0.786126] ACPI: Battery Slot [BAT0] (battery present)
[    0.787301] Serial: 8250/16550 driver, 32 ports, IRQ sharing enabled
[    0.809314] 00:02: ttyS0 at I/O 0x3f8 (irq = 4, base_baud = 115200) is a 16550A
[    0.814373] Linux agpgart interface v0.103
[    0.818765] loop: module loaded
[    0.820317] scsi host0: ata_piix
[    0.821539] scsi host1: ata_piix
[    0.822213] ata1: PATA max UDMA/33 cmd 0x1f0 ctl 0x3f6 bmdma 0xd000 irq 14
[    0.824325] ata2: PATA max UDMA/33 cmd 0x170 ctl 0x376 bmdma 0xd008 irq 15
[    0.826092] libphy: Fixed MDIO Bus: probed
[    0.827229] tun: Universal TUN/TAP device driver, 1.6
[    0.828355] PPP generic driver version 2.4.2
[    0.829419] ehci_hcd: USB 2.0 'Enhanced' Host Controller (EHCI) Driver
[    0.830614] ehci-pci: EHCI PCI platform driver
[    0.831509] ehci-platform: EHCI generic platform driver
[    0.833207] ohci_hcd: USB 1.1 'Open' Host Controller (OHCI) Driver
[    0.834423] ohci-pci: OHCI PCI platform driver
[    0.835350] ohci-platform: OHCI generic platform driver
[    0.836462] uhci_hcd: USB Universal Host Controller Interface driver
[    0.837691] i8042: PNP: PS/2 Controller [PNP0303:PS2K,PNP0f03:PS2M] at 0x60,0x64 irq 1,12
[    0.840376] serio: i8042 KBD port at 0x60,0x64 irq 1
[    0.841479] serio: i8042 AUX port at 0x60,0x64 irq 12
[    0.843026] mousedev: PS/2 mouse device common for all mice
[    0.845253] rtc_cmos rtc_cmos: rtc core: registered rtc_cmos as rtc0
[    0.846979] rtc_cmos rtc_cmos: alarms up to one day, 114 bytes nvram
[    0.848602] input: AT Translated Set 2 keyboard as /devices/platform/i8042/serio0/input/input2
[    0.850407] i2c /dev entries driver
[    0.851452] device-mapper: uevent: version 1.0.3
[    0.853163] device-mapper: ioctl: 4.37.0-ioctl (2017-09-20) initialised: dm-devel@redhat.com
[    0.854943] ledtrig-cpu: registered to indicate activity on CPUs
[    0.856746] NET: Registered protocol family 10
[    0.861881] Segment Routing with IPv6
[    0.862638] NET: Registered protocol family 17
[    0.863538] Key type dns_resolver registered
[    0.864850] mce: Using 0 MCE banks
[    0.865538] RAS: Correctable Errors collector initialized.
[    0.866578] sched_clock: Marking stable (864799654, 0)->(1049844751, -185045097)
[    0.868341] registered taskstats version 1
[    0.869134] Loading compiled-in X.509 certificates
[    0.872461] Loaded X.509 cert 'Build time autogenerated kernel key: 495c641868e7df5e32bc382f03c4f4fc9cad4e78'
[    0.875161] zswap: loaded using pool lzo/zbud
[    0.880084] Key type big_key registered
[    0.880872] Key type trusted registered
[    0.884240] Key type encrypted registered
[    0.885537] AppArmor: AppArmor sha1 policy hashing enabled
[    0.887033] ima: No TPM chip found, activating TPM-bypass! (rc=-19)
[    0.888301] ima: Allocated hash algorithm: sha1
[    0.889173] evm: HMAC attrs: 0x1
[    0.890111]   Magic number: 12:642:668
[    0.890917] rtc_cmos rtc_cmos: setting system clock to 2020-07-13 05:39:39 UTC (1594618779)
[    0.893460] BIOS EDD facility v0.16 2004-Jun-25, 0 devices found
[    0.894716] EDD information not available.
[    0.988183] Freeing unused kernel image memory: 2436K
[    0.996846] Write protecting the kernel read-only data: 20480k
[    1.000215] Freeing unused kernel image memory: 2008K
[    1.001829] Freeing unused kernel image memory: 1872K
[    1.009842] x86/mm: Checked W+X mappings: passed, no W+X pages found.
[    1.011539] x86/mm: Checking user space page tables
[    1.018957] x86/mm: Checked W+X mappings: passed, no W+X pages found.
Loading, please wait...
starting version 237
[    1.074574] Fusion MPT base driver 3.04.20
[    1.075650] Copyright (c) 1999-2008 LSI Corporation
[    1.079639] e1000: Intel(R) PRO/1000 Network Driver - version 7.3.21-k8-NAPI
[    1.081507] e1000: Copyright (c) 1999-2006 Intel Corporation.
[    1.084896] Fusion MPT SPI Host driver 3.04.20
[    1.088419] mptbase: ioc0: Initiating bringup
[    1.130760] AVX2 version of gcm_enc/dec engaged.
[    1.132445] AES CTR mode by8 optimization enabled
[    1.184995] ioc0: LSI53C1030 A0: Capabilities={Initiator}
[    1.306330] input: ImExPS/2 Generic Explorer Mouse as /devices/platform/i8042/serio1/input/input4
[    2.613842] scsi host2: ioc0: LSI53C1030 A0, FwRev=00000000h, Ports=1, MaxQ=256, IRQ=20
[    3.583604] scsi 2:0:0:0: Direct-Access     VBOX     HARDDISK         1.0  PQ: 0 ANSI: 5
[    3.621793] scsi target2:0:0: Beginning Domain Validation
[    3.681753] scsi target2:0:0: Domain Validation skipping write tests
[    3.683654] scsi target2:0:0: Ending Domain Validation
[    3.690432] scsi target2:0:0: asynchronous
[    3.696695] scsi 2:0:1:0: Direct-Access     VBOX     HARDDISK         1.0  PQ: 0 ANSI: 5
[    4.001336] scsi target2:0:1: Beginning Domain Validation
[    4.004608] random: fast init done
[    4.005983] scsi target2:0:1: Domain Validation skipping write tests
[    4.007408] scsi target2:0:1: Ending Domain Validation
[    4.008443] scsi target2:0:1: asynchronous
[    4.015220] random: systemd-udevd: uninitialized urandom read (16 bytes read)
[    4.016893] random: systemd-udevd: uninitialized urandom read (16 bytes read)
[    4.018703] random: systemd-udevd: uninitialized urandom read (16 bytes read)
[    4.021216] sd 2:0:0:0: Attached scsi generic sg0 type 0
[    4.027905] sd 2:0:0:0: [sda] 20971520 512-byte logical blocks: (10.7 GB/10.0 GiB)
[    4.029621] e1000 0000:00:03.0 eth0: (PCI:33MHz:32-bit) 02:cc:50:df:d9:b9
[    4.029975] sd 2:0:1:0: [sdb] 20480 512-byte logical blocks: (10.5 MB/10.0 MiB)
[    4.031196] e1000 0000:00:03.0 eth0: Intel(R) PRO/1000 Network Connection
[    4.033878] sd 2:0:0:0: [sda] Write Protect is off
[    4.036203] sd 2:0:1:0: Attached scsi generic sg1 type 0
[    4.037515] sd 2:0:1:0: [sdb] Write Protect is off
[    4.039423] sd 2:0:0:0: [sda] Incomplete mode parameter data
[    4.041038] sd 2:0:0:0: [sda] Assuming drive cache: write through
[    4.042279] sd 2:0:1:0: [sdb] Incomplete mode parameter data
[    4.043622] sd 2:0:1:0: [sdb] Assuming drive cache: write through
[    4.043868]  sda: sda1
[    4.047211] sd 2:0:0:0: [sda] Attached SCSI disk
[    4.050170] sd 2:0:1:0: [sdb] Attached SCSI disk
[    4.441570] e1000 0000:00:08.0 eth1: (PCI:33MHz:32-bit) 08:00:27:c5:c9:8f
[    4.443447] e1000 0000:00:08.0 eth1: Intel(R) PRO/1000 Network Connection
[    4.446405] e1000 0000:00:08.0 enp0s8: renamed from eth1
[    4.465283] e1000 0000:00:03.0 enp0s3: renamed from eth0
Begin: Loading essential drivers ... [    5.924112] raid6: sse2x1   gen() 10947 MB/s
[    5.972190] raid6: sse2x1   xor()  4631 MB/s
[    6.024597] raid6: sse2x2   gen()  3948 MB/s
[    6.072104] raid6: sse2x2   xor()  8549 MB/s
[    6.120207] raid6: sse2x4   gen() 15513 MB/s
[    6.168545] raid6: sse2x4   xor() 10092 MB/s
[    6.216158] raid6: avx2x1   gen() 19627 MB/s
[    6.264143] raid6: avx2x1   xor() 15677 MB/s
[    6.312056] raid6: avx2x2   gen() 26746 MB/s
[    6.360139] raid6: avx2x2   xor() 17073 MB/s
[    6.408512] raid6: avx2x4   gen() 26401 MB/s
[    6.456558] raid6: avx2x4   xor() 19335 MB/s
[    6.457667] raid6: using algorithm avx2x2 gen() 26746 MB/s
[    6.459432] raid6: .... xor() 17073 MB/s, rmw enabled
[    6.460852] raid6: using avx2x2 recovery algorithm
[    6.463026] xor: automatically using best checksumming function   avx       
[    6.465829] async_tx: api initialized (async)
done.
Begin: Running /scripts/init-premount ... done.
Begin: Mounting root file system ... Begin: Running /scripts/local-top ... done.
Begin: Running /scripts/local-premount ... [    6.509778] Btrfs loaded, crc32c=crc32c-intel
Scanning for Btrfs filesystems
done.
Warning: fsck not present, so skipping root file system
[    6.546989] EXT4-fs (sda1): mounted filesystem with ordered data mode. Opts: (null)
done.
Begin: Running /scripts/local-bottom ... done.
Begin: Running /scripts/init-bottom ... done.
[    6.781161] ip_tables: (C) 2000-2006 Netfilter Core Team
[    6.796719] systemd[1]: systemd 237 running in system mode. (+PAM +AUDIT +SELINUX +IMA +APPARMOR +SMACK +SYSVINIT +UTMP +LIBCRYPTSETUP +GCRYPT +GNUTLS +ACL +XZ +LZ4 +SECCOMP +BLKID +ELFUTILS +KMOD -IDN2 +IDN -PCRE2 default-hierarchy=hybrid)
[    6.802197] systemd[1]: Detected virtualization oracle.
[    6.803504] systemd[1]: Detected architecture x86-64.

Welcome to [1mUbuntu 18.04.3 LTS[0m!

[    6.813495] systemd[1]: Set hostname to <ubuntu-bionic>.
[    7.173370] systemd[1]: Started Forward Password Requests to Wall Directory Watch.
[[0;32m  OK  [0m] Started Forward Password Requests to Wall Directory Watch.
[    7.194403] systemd[1]: Created slice System Slice.
[[0;32m  OK  [0m] Created slice System Slice.
[    7.196210] systemd[1]: Listening on Journal Audit Socket.
[[0;32m  OK  [0m] Listening on Journal Audit Socket.
[    7.198462] systemd[1]: Listening on /dev/initctl Compatibility Named Pipe.
[[0;32m  OK  [0m] Listening on /dev/initctl Compatibility Named Pipe.
[    7.200895] systemd[1]: Listening on LVM2 metadata daemon socket.
[[0;32m  OK  [0m] Listening on LVM2 metadata daemon socket.
[    7.203220] systemd[1]: Listening on Journal Socket.
[[0;32m  OK  [0m] Listening on Journal Socket.
[[0;32m  OK  [0m] Listening on Syslog Socket.
[[0;32m  OK  [0m] Listening on udev Kernel Socket.
[[0;32m  OK  [0m] Listening on LVM2 poll daemon socket.
[[0;32m  OK  [0m] Set up automount Arbitrary Executabâ€¦rmats File System Automount Point.
         Starting Set the console keyboard layout...
         Starting Remount Root and Kernel File Systems...
[[0;32m  OK  [0m] Listening on Journal Socket (/dev/log).
[[0;32m  OK  [0m] Reached target System Time Synchronized.
         Mounting Huge Pages File System...
[[0;32m  OK  [0m] Reached target User and Group Name Lookups.
[[0;32m  OK  [0m] Listening on Device-mapper event daemon FIFOs.
         Starting Monitoring of LVM2 mirrorsâ€¦ng dmeventd or progress polling...
         Starting Create list of required stâ€¦ce nodes for the current kernel...
         Starting Uncomplicated firewall...
[    7.278768] EXT4-fs (sda1): re-mounted. Opts: (null)
         Starting Load Kernel Modules...
         Mounting Kernel Debug File System...
[[0;32m  OK  [0m] Created slice User and Session Slice.
[[0;32m  OK  [0m] Reached target Slices.
         Mounting POSIX Message Queue File System...
[[0;32m  OK  [0m] Listening on Network Service Netlink Socket.
[[0;32m  OK  [0m] [    7.315730] Loading iSCSI transport class v2.0-870.
Reached target Swap.
[[0;32m  OK  [0m] Created slice system-serial\x2dgetty.slice.
         Starting Journal Service...
[[0;32m  OK  [0m] Listening on udev Control Socket.
         Starting udev Coldplug all Devices...
[[0;32m  OK  [0m] Started Remount Root and Kernel File Systems.
[[0;32m  OK  [0m] Mounted Huge Pages File System.
[    7.330650] iscsi: registered transport (tcp)
[[0;32m  OK  [0m] Started Create list of required staâ€¦vice nodes for the current kernel.
[[0;32m  OK  [0m] Started Uncomplicated firewall.
[[0;32m  OK  [0m] Mounted Kernel Debug File System.
[[0;32m  OK  [0m] Mounted POSIX Message Queue File System.
[[0;32m  OK  [0m] Started LVM2 metadata daemon.
         Starting Create Static Device Nodes in /dev...
         Starting Load/Save Random Seed...
[[0;32m  OK  [0m] Started Journal Service.
[[0;32m  OK  [0m] Started Create Static Device Nodes in /dev.
[    7.435913] iscsi: registered transport (iser)
         Starting udev Kernel Device Manager...
         Starting Flush Journal to Persistent Storage...
[[0;32m  OK  [0m] Started Load Kernel Modules.
         Mounting FUSE Control File System...
         Mounting Kernel Configuration File System...
         Starting Apply Kernel Variables...
[[0;32m  OK  [0m] Started Load/Save Random Seed.
[[0;32m  OK  [0m] Mounted FUSE Control File System.
[[0;32m  OK  [0m] Mounted Kernel Configuration File System.
[[0;32m  OK  [0m] Started udev Coldplug all Devices.
[    7.481241] systemd-journald[414]: Received request to flush runtime journal from PID 1
[[0;32m  OK  [0m] Started Monitoring of LVM2 mirrors,â€¦sing dmeventd or progress polling.
[[0;32m  OK  [0m] Started udev Kernel Device Manager.
[[0;32m  OK  [0m] Started Apply Kernel Variables.
[[0;32m  OK  [0m] Started Flush Journal to Persistent Storage.
[[0;32m  OK  [0m] Found device /dev/ttyS0.
[[0;32m  OK  [0m] Listening on Load/Save RF Kill Switch Status /dev/rfkill Watch.
[[0;32m  OK  [0m] Started Set the console keyboard layout.
[[0;32m  OK  [0m] Started Dispatch Password Requests to Console Directory Watch.
[[0;32m  OK  [0m] Reached target Local Encrypted Volumes.
[[0;32m  OK  [0m] Reached target Local File Systems (Pre).
[[0;32m  OK  [0m] Reached target Local File Systems.
         Starting AppArmor initialization...
         Starting Tell Plymouth To Write Out Runtime Data...
         Starting Create Volatile Files and Directories...
         Starting ebtables ruleset management...
         Starting Set console font and keymap...
[[0;32m  OK  [0m] Started Tell Plymouth To Write Out Runtime Data.
[[0;32m  OK  [0m] Started Set console font and keymap.
[[0;32m  OK  [0m] Started Create Volatile Files and Directories.
         Starting Update UTMP about System Boot/Shutdown...
[[0;32m  OK  [0m] Started Update UTMP about System Boot/Shutdown.
[[0;32m  OK  [0m] Started ebtables ruleset management.
[[0;32m  OK  [0m] Started AppArmor initialization.
         Starting Initial cloud-init job (pre-networking)...
[    9.995237] cloud-init[721]: Cloud-init v. 19.1-1-gbaa47854-0ubuntu1~18.04.1 running 'init-local' at Mon, 13 Jul 2020 05:39:48 +0000. Up 9.77 seconds.
[[0;32m  OK  [0m] Started Initial cloud-init job (pre-networking).
[[0;32m  OK  [0m] Reached target Network (Pre).
         Starting Network Service...
[[0;32m  OK  [0m] Started Network Service.
         Starting Wait for Network to be Configured...
         Starting Network Name Resolution...
[[0;32m  OK  [0m] Started Network Name Resolution.
[[0;32m  OK  [0m] Reached target Host and Network Name Lookups.
[[0;32m  OK  [0m] Reached target Network.
[[0;32m  OK  [0m] Started Wait for Network to be Configured.
         Starting Initial cloud-init job (metadata service crawler)...
[   12.455349] cloud-init[825]: Cloud-init v. 19.1-1-gbaa47854-0ubuntu1~18.04.1 running 'init' at Mon, 13 Jul 2020 05:39:50 +0000. Up 12.25 seconds.
[   12.458680] cloud-init[825]: ci-info: ++++++++++++++++++++++++++++++++++++++Net device info+++++++++++++++++++++++++++++++++++++++
[   12.461356] cloud-init[825]: ci-info: +--------+------+-----------------------------+---------------+--------+-------------------+
[   12.464110] cloud-init[825]: ci-info: | Device |  Up  |           Address           |      Mask     | Scope  |     Hw-Address    |
[   12.467141] cloud-init[825]: ci-info: +--------+------+-----------------------------+---------------+--------+-------------------+
[   12.469646] cloud-init[825]: ci-info: | enp0s3 | True |          10.0.2.15          | 255.255.255.0 | global | 02:cc:50:df:d9:b9 |
[   12.473010] cloud-init[825]: ci-info: | enp0s3 | True |  fe80::cc:50ff:fedf:d9b9/64 |       .       |  link  | 02:cc:50:df:d9:b9 |
[   12.476227] cloud-init[825]: ci-info: | enp0s8 | True |        192.168.33.10        | 255.255.255.0 | global | 08:00:27:c5:c9:8f |
[   12.479450] cloud-init[825]: ci-info: | enp0s8 | True | fe80::a00:27ff:fec5:c98f/64 |       .       |  link  | 08:00:27:c5:c9:8f |
[   12.484452] cloud-init[825]: ci-info: |   lo   | True |          127.0.0.1          |   255.0.0.0   |  host  |         .         |
[   12.487813] cloud-init[825]: ci-info: |   lo   | True |           ::1/128           |       .       |  host  |         .         |
[   12.490468] cloud-init[825]: ci-info: +--------+------+-----------------------------+---------------+--------+-------------------+
[   12.494234] cloud-init[825]: ci-info: +++++++++++++++++++++++++++++Route IPv4 info+++++++++++++++++++++++++++++
[   12.497786] cloud-init[825]: ci-info: +-------+--------------+----------+-----------------+-----------+-------+
[   12.500419] cloud-init[825]: ci-info: | Route | Destination  | Gateway  |     Genmask     | Interface | Flags |
[   12.503934] cloud-init[825]: ci-info: +-------+--------------+----------+-----------------+-----------+-------+
[   12.507424] cloud-init[825]: ci-info: |   0   |   0.0.0.0    | 10.0.2.2 |     0.0.0.0     |   enp0s3  |   UG  |
[   12.510571] cloud-init[825]: ci-info: |   1   |   10.0.2.0   | 0.0.0.0  |  255.255.255.0  |   enp0s3  |   U   |
[   12.513880] cloud-init[825]: ci-info: |   2   |   10.0.2.2   | 0.0.0.0  | 255.255.255.255 |   enp0s3  |   UH  |
[   12.517104] cloud-init[825]: ci-info: |   3   | 192.168.33.0 | 0.0.0.0  |  255.255.255.0  |   enp0s8  |   U   |
[   12.528486] cloud-init[825]: ci-info: +-------+--------------+----------+-----------------+-----------+-------+
[   12.532329] cloud-init[825]: ci-info: +++++++++++++++++++Route IPv6 info+++++++++++++++++++
[   12.534171] cloud-init[825]: ci-info: +-------+-------------+---------+-----------+-------+
[   12.536040] cloud-init[825]: ci-info: | Route | Destination | Gateway | Interface | Flags |
[   12.537818] cloud-init[825]: ci-info: +-------+-------------+---------+-----------+-------+
[   12.539742] cloud-init[825]: ci-info: |   1   |  fe80::/64  |    ::   |   enp0s8  |   U   |
[   12.541929] cloud-init[825]: ci-info: |   2   |  fe80::/64  |    ::   |   enp0s3  |   U   |
[   12.543895] cloud-init[825]: ci-info: |   4   |    local    |    ::   |   enp0s3  |   U   |
[   12.545929] cloud-init[825]: ci-info: |   5   |    local    |    ::   |   enp0s8  |   U   |
[   12.548086] cloud-init[825]: ci-info: |   6   |   ff00::/8  |    ::   |   enp0s8  |   U   |
[   12.549845] cloud-init[825]: ci-info: |   7   |   ff00::/8  |    ::   |   enp0s3  |   U   |
[   12.560226] cloud-init[825]: ci-info: +-------+-------------+---------+-----------+-------+
[[0;32m  OK  [0m] Started Initial cloud-init job (metadata service crawler).
[[0;32m  OK  [0m] Reached target Network is Online.
[[0;32m  OK  [0m] Reached target Remote File Systems (Pre).
[[0;32m  OK  [0m] Reached target Remote File Systems.
         Starting Availability of block devices...
[[0;32m  OK  [0m] Reached target System Initialization.
[[0;32m  OK  [0m] Started Message of the Day.
[[0;32m  OK  [0m] Started Discard unused blocks once a week.
         Starting LXD - unix socket.
[[0;32m  OK  [0m] Started Daily Cleanup of Temporary Directories.
[[0;32m  OK  [0m] Listening on UUID daemon activation socket.
[[0;32m  OK  [0m] Started Daily apt download activities.
[[0;32m  OK  [0m] Started Daily apt upgrade and clean activities.
[[0;32m  OK  [0m] Reached target Timers.
         Starting Socket activation for snappy daemon.
[[0;32m  OK  [0m] Started ACPI Events Check.
[[0;32m  OK  [0m] Listening on D-Bus System Message Bus Socket.
[[0;32m  OK  [0m] Listening on ACPID Listen Socket.
[[0;32m  OK  [0m] Listening on Open-iSCSI iscsid Socket.
[[0;32m  OK  [0m] Reached target Paths.
[[0;32m  OK  [0m] Reached target Cloud-config availability.
[[0;32m  OK  [0m] Started Availability of block devices.
[[0;32m  OK  [0m] Listening on LXD - unix socket.
[[0;32m  OK  [0m] Listening on Socket activation for snappy daemon.
[[0;32m  OK  [0m] Reached target Sockets.
[[0;32m  OK  [0m] Reached target Basic System.
         Starting System Logging Service...
         Starting Message of the Day...
[[0;32m  OK  [0m] Started Deferred execution scheduler.
         Starting LSB: automatic crash report generation...
         Starting Permit User Sessions...
[[0;32m  OK  [0m] Started D-Bus System Message Bus.
         Starting LSB: Record successful boot for GRUB...
         Starting Discard unused blocks...
         Starting Login Service...
         Starting Accounts Service...
[[0;32m  OK  [0m] Started FUSE filesystem for LXC.
         Starting Dispatcher daemon for systemd-networkd...
         Starting vboxadd.service...
         Starting OpenBSD Secure Shell server...
[[0;32m  OK  [0m] Started irqbalance daemon.
[[0;32m  OK  [0m] Started Regular background program processing daemon.
         Starting Snappy daemon...
         Starting LXD - container startup/shutdown...
[[0;32m  OK  [0m] Started System Logging Service.
[[0;32m  OK  [0m] Started Permit User Sessions.
[[0;32m  OK  [0m] Started Discard unused blocks.
[[0;32m  OK  [0m] Started Login Service.
[[0;32m  OK  [0m] Started OpenBSD Secure Shell server.
         Starting Authorization Manager...
[[0;32m  OK  [0m] Started Unattended Upgrades Shutdown.
         Starting Hold until boot process finishes up...
         Starting Terminate Plymouth Boot Screen...
[[0;32m  OK  [0m] Started Hold until boot process finishes up.
[[0;32m  OK  [0m] Started Serial Getty on ttyS0.
         Starting Set console scheme...
[[0;32m  OK  [0m] Started Terminate Plymouth Boot Screen.
[[0;32m  OK  [0m] Started Set console scheme.
[[0;32m  OK  [0m] Created slice system-getty.slice.
[[0;32m  OK  [0m] Started Getty on tty1.
[[0;32m  OK  [0m] Reached target Login Prompts.
[[0;32m  OK  [0m] Started Authorization Manager.
[[0;32m  OK  [0m] Started Accounts Service.
[[0;32m  OK  [0m] Started LSB: Record successful boot for GRUB.
[[0;32m  OK  [0m] Started LSB: automatic crash report generation.
[[0;32m  OK  [0m] Created slice User Slice of vagrant.
[[0;32m  OK  [0m] Started Snappy daemon.
[[0;32m  OK  [0m] Started LXD - container startup/shutdown.
[[0;32m  OK  [0m] Started Session 1 of user vagrant.
         Starting Wait until snapd is fully seeded...
         Starting User Manager for UID 1000...
[[0;32m  OK  [0m] Started Dispatcher daemon for systemd-networkd.
[[0;32m  OK  [0m] Started Wait until snapd is fully seeded.
         Starting Apply the settings specified in cloud-config...
[[0;32m  OK  [0m] Started User Manager for UID 1000.
[   15.329916] cloud-init[1262]: Cloud-init v. 19.1-1-gbaa47854-0ubuntu1~18.04.1 running 'modules:config' at Mon, 13 Jul 2020 05:39:53 +0000. Up 15.06 seconds.
[[0;32m  OK  [0m] Started Message of the Day.
[[0;32m  OK  [0m] Started Apply the settings specified in cloud-config.
[[0;32m  OK  [0m] Started vboxadd.service.
         Starting vboxadd-service.service...
[[0;32m  OK  [0m] Started vboxadd-service.service.
[[0;32m  OK  [0m] Reached target Multi-User System.
[[0;32m  OK  [0m] Reached target Graphical Interface.
         Starting Execute cloud user/final scripts...
         Starting Update UTMP about System Runlevel Changes...
[[0;32m  OK  [0m] Started Update UTMP about System Runlevel Changes.
[   16.347085] cloud-init[1453]: Cloud-init v. 19.1-1-gbaa47854-0ubuntu1~18.04.1 running 'modules:final' at Mon, 13 Jul 2020 05:39:54 +0000. Up 16.08 seconds.
[   16.350914] cloud-init[1453]: Cloud-init v. 19.1-1-gbaa47854-0ubuntu1~18.04.1 finished at Mon, 13 Jul 2020 05:39:54 +0000. Datasource DataSourceNoCloud [seed=/dev/sdb][dsmode=net].  Up 16.34 seconds
[[0;32m  OK  [0m] Started Execute cloud user/final scripts.
         Starting Daily apt download activities...
[[0;32m  OK  [0m] Reached target Cloud-init target.
[[0;32m  OK  [0m] Stopped Wait for Network to be Configured.
         Stopping Network Service...
         Starting Network Service...

Ubuntu 18.04.3 LTS ubuntu-bionic ttyS0

ubuntu-bionic login:          Stopping Authorization Manager...
[[0;32m  OK  [0m] Closed Load/Save RF Kill Switch Status /dev/rfkill Watch.
[[0;32m  OK  [0m] Stopped target Host and Network Name Lookups.
[[0;32m  OK  [0m] Stopped target Cloud-init target.
[[0;32m  OK  [0m] Stopped Execute cloud user/final scripts.
         Stopping Availability of block devices...
[[0;32m  OK  [0m] Stopped target Timers.
[[0;32m  OK  [0m] Stopped Discard unused blocks once a week.
[[0;32m  OK  [0m] Stopped Message of the Day.
[[0;32m  OK  [0m] Stopped Daily Cleanup of Temporary Directories.
[[0;32m  OK  [0m] Stopped Daily apt upgrade and clean activities.
[[0;32m  OK  [0m] Stopped Apply the settings specified in cloud-config.
[[0;32m  OK  [0m] Stopped target Network is Online.
[[0;32m  OK  [0m] Stopped target Cloud-config availability.
[[0;32m  OK  [0m] Stopped Daily apt download activities.
[[0;32m  OK  [0m] Stopped target System Time Synchronized.
[[0;32m  OK  [0m] Stopped target Graphical Interface.
         Stopping Accounts Service...
[[0;32m  OK  [0m] Stopped target Multi-User System.
         Stopping Dispatcher daemon for systemd-networkd...
[[0;32m  OK  [0m] Stopped Wait until snapd is fully seeded.
         Stopping LXD - container startup/shutdown...
         Stopping vboxadd-service.service...
         Stopping OpenBSD Secure Shell server...
         Stopping Regular background program processing daemon...
         Stopping LSB: Record successful boot for GRUB...
         Stopping Deferred execution scheduler...
         Stopping D-Bus System Message Bus...
         Stopping Unattended Upgrades Shutdown...
         Stopping System Logging Service...
         Stopping irqbalance daemon...
         Stopping LSB: automatic crash report generation...
         Stopping Session 24 of user vagrant.
         Stopping User Manager for UID 1000...
[[0;32m  OK  [0m] Stopped target Login Prompts.
         Stopping Getty on tty1...
         Stopping Serial Getty on ttyS0...
         Stopping FUSE filesystem for LXC...
[[0;32m  OK  [0m] Stopped Defe[[0;32m  OK  [0m] Stopped Accounts Service.
[[0;32m  OK  [0m] Unmounted /var/lib/lxcfs.
[[0;32m  OK  [0m] Stopped System Logging Service.
[[0;32m  OK  [0m] Stopped Dispatcher daemon for systemd-networkd.
[[0;32m  OK  [0m] Stopped irqbalance daemon.
[[0;32m  OK  [0m] Stopped Regular background program processing daemon.
[[0;32m  OK  [0m] Stopped OpenBSD Secure Shell server.
[[0;32m  OK  [0m] Stopped Authorization Manager.
[[0;32m  OK  [0m] Stopped Getty on tty1.
[[0;32m  OK  [0m] Stopped Serial Getty on ttyS0.
[[0;32m  OK  [0m] Stopped User Manager for UID 1000.
[[0;32m  OK  [0m] Stopped D-Bus System Message Bus.
[[0;32m  OK  [0m] Removed slice system-serial\x2dgetty.slice.
[[0;32m  OK  [0m] Removed slice system-getty.slice.
[[0;32m  OK  [0m] Stopped LXD - container startup/shutdown.
[[0;32m  OK  [0m] Stopped Session 24 of user vagrant.
[[0;32m  OK  [0m] Removed slice User Slice of vagrant.
         Stopping Permit User Sessions...
[[0;32m  OK  [0m] Stopped Permit User Sessions.
[[0;32m  OK  [0m] Stopped Unattended Upgrades Shutdown.
[[0;32m  OK  [0m] Stopped target Network.
         Stopping Network Name Resolution...
         Stopping Login Service...
[[0;32m  OK  [0m] Stopped Availability of block devices.
[[0;32m  OK  [0m] Stopped LSB: Record successful boot for GRUB.
[[0;32m  OK  [0m] Stopped LSB: automatic crash report generation.
[[0;32m  OK  [0m] Stopped Network Name Resolution.
[[0;32m  OK  [0m] Stopped FUSE filesystem for LXC.
         Stopping Network Service...
[[0;32m  OK  [0m] Stopped target Remote File Systems.
[[0;32m  OK  [0m] Stopped target Remote File Systems (Pre).
[[0;32m  OK  [0m] Stopped Network Service.
[[0;32m  OK  [0m] Stopped vboxadd-service.service.
         Stopping vboxadd.service...
[[0;32m  OK  [0m] Stopped target Network (Pre).
[[0;32m  OK  [0m] Stopped Login Service.
[[0;32m  OK  [0m] Stopped target User and Group Name Lookups.
[[0;32m  OK  [0m] Unmounted /vagrant.
[[0;32m  OK  [0m] Stopped vboxadd.service.
[[0;32m  OK  [0m] Stopped target Basic System.
[[0;32m  OK  [0m] Stopped target Sockets.
[[0;32m  OK  [0m] Closed Syslog Socket.
[[0;32m  OK  [0m] Closed ACPID Listen Socket.
[[0;32m  OK  [0m] Closed D-Bus System Message Bus Socket.
[[0;32m  OK  [0m] Closed LXD - unix socket.
[[0;32m  OK  [0m] Closed UUID daemon activation socket.
[[0;32m  OK  [0m] Closed Open-iSCSI iscsid Socket.
[[0;32m  OK  [0m] Closed Socket activation for snappy daemon.
[[0;32m  OK  [0m] Stopped target Slices.
[[0;32m  OK  [0m] Removed slice User and Session Slice.
[[0;32m  OK  [0m] Stopped target Paths.
[[0;32m  OK  [0m] Stopped ACPI Events Check.
[[0;32m  OK  [0m] Stopped target System Initialization.
         Stopping Load/Save Random Seed...
         Stopping Update UTMP about System Boot/Shutdown...
[[0;32m  OK  [0m] Stopped Initial cloud-init job (metadata service crawler).
[[0;32m  OK  [0m] Stopped Initial cloud-init job (pre-networking).
[[0;32m  OK  [0m] Stopped target Local Encrypted Volumes.
[[0;32m  OK  [0m] Stopped Dispatch Password Requests to Console Directory Watch.
[[0;32m  OK  [0m] Stopped Apply Kernel Variables.
[[0;32m  OK  [0m] Stopped Load Kernel Modules.
[[0;32m  OK  [0m] Stopped Forward Password Requests to Wall Directory Watch.
[[0;32m  OK  [0m] Stopped Load/Save Random Seed.
[[0;32m  OK  [0m] Stopped Update UTMP about System Boot/Shutdown.
[[0;32m  OK  [0m] Stopped Create Volatile Files and Directories.
[[0;32m  OK  [0m] Stopped target Local File Systems.
         Unmounting /run/user/1000...
[[0;32m  OK  [0m] Unmounted /run/user/1000.
[[0;32m  OK  [0m] Reached target Unmount All Filesystems.
[[0;32m  OK  [0m] Stopped target Swap.
[[0;32m  OK  [0m] Stopped target Local File Systems (Pre).
[[0;32m  OK  [0m] Stopped Create Static Device Nodes in /dev.
[[0;32m  OK  [0m] Stopped Remount Root and Kernel File Systems.
[[0;32m  OK  [0m] Reached target Shutdown.
[[0;32m  OK  [0m] Reached target Final Step.
         Starting Power-Off...
         Stopping Monitoring of LVM2 mirrorsâ€¦ng dmeventd or progress polling...
[57210.145570] reboot: Power down
